   1               		.file	"abi.cpp"
   2               	__SP_H__ = 0x3e
   3               	__SP_L__ = 0x3d
   4               	__SREG__ = 0x3f
   5               	__tmp_reg__ = 0
   6               	__zero_reg__ = 1
   9               		.text
  10               	.Ltext0:
  80               	.global	__cxa_pure_virtual
  82               	__cxa_pure_virtual:
  83               	/* prologue: function */
  84               	/* frame size = 0 */
  85               	/* stack size = 0 */
  86               	.L__stack_usage = 0
  87 0000 0E94 0000 		call abort
  90               	.global	__cxa_deleted_virtual
  92               	__cxa_deleted_virtual:
  93               		.stabd	46,0,0
   1:/home/mrh/Downloads/arduino-1.8.8-linux64/arduino-1.8.8//hardware/arduino/avr/cores/arduino/abi.cpp **** /*
   2:/home/mrh/Downloads/arduino-1.8.8-linux64/arduino-1.8.8//hardware/arduino/avr/cores/arduino/abi.cpp ****   Copyright (c) 2014 Arduino.  All right reserved.
   3:/home/mrh/Downloads/arduino-1.8.8-linux64/arduino-1.8.8//hardware/arduino/avr/cores/arduino/abi.cpp **** 
   4:/home/mrh/Downloads/arduino-1.8.8-linux64/arduino-1.8.8//hardware/arduino/avr/cores/arduino/abi.cpp ****   This library is free software; you can redistribute it and/or
   5:/home/mrh/Downloads/arduino-1.8.8-linux64/arduino-1.8.8//hardware/arduino/avr/cores/arduino/abi.cpp ****   modify it under the terms of the GNU Lesser General Public
   6:/home/mrh/Downloads/arduino-1.8.8-linux64/arduino-1.8.8//hardware/arduino/avr/cores/arduino/abi.cpp ****   License as published by the Free Software Foundation; either
   7:/home/mrh/Downloads/arduino-1.8.8-linux64/arduino-1.8.8//hardware/arduino/avr/cores/arduino/abi.cpp ****   version 2.1 of the License, or (at your option) any later version.
   8:/home/mrh/Downloads/arduino-1.8.8-linux64/arduino-1.8.8//hardware/arduino/avr/cores/arduino/abi.cpp **** 
   9:/home/mrh/Downloads/arduino-1.8.8-linux64/arduino-1.8.8//hardware/arduino/avr/cores/arduino/abi.cpp ****   This library is distributed in the hope that it will be useful,
  10:/home/mrh/Downloads/arduino-1.8.8-linux64/arduino-1.8.8//hardware/arduino/avr/cores/arduino/abi.cpp ****   but WITHOUT ANY WARRANTY; without even the implied warranty of
  11:/home/mrh/Downloads/arduino-1.8.8-linux64/arduino-1.8.8//hardware/arduino/avr/cores/arduino/abi.cpp ****   MERCHANTABILITY or FITNESS FOR A PARTICULAR PURPOSE.
  12:/home/mrh/Downloads/arduino-1.8.8-linux64/arduino-1.8.8//hardware/arduino/avr/cores/arduino/abi.cpp ****   See the GNU Lesser General Public License for more details.
  13:/home/mrh/Downloads/arduino-1.8.8-linux64/arduino-1.8.8//hardware/arduino/avr/cores/arduino/abi.cpp **** 
  14:/home/mrh/Downloads/arduino-1.8.8-linux64/arduino-1.8.8//hardware/arduino/avr/cores/arduino/abi.cpp ****   You should have received a copy of the GNU Lesser General Public
  15:/home/mrh/Downloads/arduino-1.8.8-linux64/arduino-1.8.8//hardware/arduino/avr/cores/arduino/abi.cpp ****   License along with this library; if not, write to the Free Software
  16:/home/mrh/Downloads/arduino-1.8.8-linux64/arduino-1.8.8//hardware/arduino/avr/cores/arduino/abi.cpp ****   Foundation, Inc., 51 Franklin St, Fifth Floor, Boston, MA  02110-1301  USA
  17:/home/mrh/Downloads/arduino-1.8.8-linux64/arduino-1.8.8//hardware/arduino/avr/cores/arduino/abi.cpp **** */
  18:/home/mrh/Downloads/arduino-1.8.8-linux64/arduino-1.8.8//hardware/arduino/avr/cores/arduino/abi.cpp **** 
  19:/home/mrh/Downloads/arduino-1.8.8-linux64/arduino-1.8.8//hardware/arduino/avr/cores/arduino/abi.cpp **** #include <stdlib.h>
  20:/home/mrh/Downloads/arduino-1.8.8-linux64/arduino-1.8.8//hardware/arduino/avr/cores/arduino/abi.cpp **** 
  21:/home/mrh/Downloads/arduino-1.8.8-linux64/arduino-1.8.8//hardware/arduino/avr/cores/arduino/abi.cpp **** extern "C" void __cxa_pure_virtual(void) __attribute__ ((__noreturn__));
  22:/home/mrh/Downloads/arduino-1.8.8-linux64/arduino-1.8.8//hardware/arduino/avr/cores/arduino/abi.cpp **** extern "C" void __cxa_deleted_virtual(void) __attribute__ ((__noreturn__));
  23:/home/mrh/Downloads/arduino-1.8.8-linux64/arduino-1.8.8//hardware/arduino/avr/cores/arduino/abi.cpp **** 
  24:/home/mrh/Downloads/arduino-1.8.8-linux64/arduino-1.8.8//hardware/arduino/avr/cores/arduino/abi.cpp **** void __cxa_pure_virtual(void) {
  25:/home/mrh/Downloads/arduino-1.8.8-linux64/arduino-1.8.8//hardware/arduino/avr/cores/arduino/abi.cpp ****   // We might want to write some diagnostics to uart in this case
  26:/home/mrh/Downloads/arduino-1.8.8-linux64/arduino-1.8.8//hardware/arduino/avr/cores/arduino/abi.cpp ****   //std::terminate();
  27:/home/mrh/Downloads/arduino-1.8.8-linux64/arduino-1.8.8//hardware/arduino/avr/cores/arduino/abi.cpp ****   abort();
  28:/home/mrh/Downloads/arduino-1.8.8-linux64/arduino-1.8.8//hardware/arduino/avr/cores/arduino/abi.cpp **** }
  29:/home/mrh/Downloads/arduino-1.8.8-linux64/arduino-1.8.8//hardware/arduino/avr/cores/arduino/abi.cpp **** 
  30:/home/mrh/Downloads/arduino-1.8.8-linux64/arduino-1.8.8//hardware/arduino/avr/cores/arduino/abi.cpp **** void __cxa_deleted_virtual(void) {
  95               	.LM0:
  96               	.LFBB1:
  97               	/* prologue: function */
  98               	/* frame size = 0 */
  99               	/* stack size = 0 */
 100               	.L__stack_usage = 0
  31:/home/mrh/Downloads/arduino-1.8.8-linux64/arduino-1.8.8//hardware/arduino/avr/cores/arduino/abi.cpp ****   // We might want to write some diagnostics to uart in this case
  32:/home/mrh/Downloads/arduino-1.8.8-linux64/arduino-1.8.8//hardware/arduino/avr/cores/arduino/abi.cpp ****   //std::terminate();
  33:/home/mrh/Downloads/arduino-1.8.8-linux64/arduino-1.8.8//hardware/arduino/avr/cores/arduino/abi.cpp ****   abort();
 102               	.LM1:
 103 0004 0E94 0000 		call abort
 105               	.Lscope1:
 107               		.stabd	78,0,0
 109               	.Letext0:
 110               		.ident	"GCC: (GNU) 5.4.0"
DEFINED SYMBOLS
                            *ABS*:0000000000000000 abi.cpp
     /tmp/cc5WnT3e.s:2      *ABS*:000000000000003e __SP_H__
     /tmp/cc5WnT3e.s:3      *ABS*:000000000000003d __SP_L__
     /tmp/cc5WnT3e.s:4      *ABS*:000000000000003f __SREG__
     /tmp/cc5WnT3e.s:5      *ABS*:0000000000000000 __tmp_reg__
     /tmp/cc5WnT3e.s:6      *ABS*:0000000000000001 __zero_reg__
     /tmp/cc5WnT3e.s:82     .text:0000000000000000 __cxa_pure_virtual
     /tmp/cc5WnT3e.s:92     .text:0000000000000004 __cxa_deleted_virtual

UNDEFINED SYMBOLS
abort
