   1               		.file	"hooks.c"
   2               	__SP_H__ = 0x3e
   3               	__SP_L__ = 0x3d
   4               	__SREG__ = 0x3f
   5               	__tmp_reg__ = 0
   6               	__zero_reg__ = 1
   9               		.text
  10               	.Ltext0:
  63               	__empty:
  64               		.stabd	46,0,0
   1:/home/mrh/Downloads/arduino-1.8.8-linux64/arduino-1.8.8//hardware/arduino/avr/cores/arduino/hooks.c **** /*
   2:/home/mrh/Downloads/arduino-1.8.8-linux64/arduino-1.8.8//hardware/arduino/avr/cores/arduino/hooks.c ****   Copyright (c) 2012 Arduino.  All right reserved.
   3:/home/mrh/Downloads/arduino-1.8.8-linux64/arduino-1.8.8//hardware/arduino/avr/cores/arduino/hooks.c **** 
   4:/home/mrh/Downloads/arduino-1.8.8-linux64/arduino-1.8.8//hardware/arduino/avr/cores/arduino/hooks.c ****   This library is free software; you can redistribute it and/or
   5:/home/mrh/Downloads/arduino-1.8.8-linux64/arduino-1.8.8//hardware/arduino/avr/cores/arduino/hooks.c ****   modify it under the terms of the GNU Lesser General Public
   6:/home/mrh/Downloads/arduino-1.8.8-linux64/arduino-1.8.8//hardware/arduino/avr/cores/arduino/hooks.c ****   License as published by the Free Software Foundation; either
   7:/home/mrh/Downloads/arduino-1.8.8-linux64/arduino-1.8.8//hardware/arduino/avr/cores/arduino/hooks.c ****   version 2.1 of the License, or (at your option) any later version.
   8:/home/mrh/Downloads/arduino-1.8.8-linux64/arduino-1.8.8//hardware/arduino/avr/cores/arduino/hooks.c **** 
   9:/home/mrh/Downloads/arduino-1.8.8-linux64/arduino-1.8.8//hardware/arduino/avr/cores/arduino/hooks.c ****   This library is distributed in the hope that it will be useful,
  10:/home/mrh/Downloads/arduino-1.8.8-linux64/arduino-1.8.8//hardware/arduino/avr/cores/arduino/hooks.c ****   but WITHOUT ANY WARRANTY; without even the implied warranty of
  11:/home/mrh/Downloads/arduino-1.8.8-linux64/arduino-1.8.8//hardware/arduino/avr/cores/arduino/hooks.c ****   MERCHANTABILITY or FITNESS FOR A PARTICULAR PURPOSE.
  12:/home/mrh/Downloads/arduino-1.8.8-linux64/arduino-1.8.8//hardware/arduino/avr/cores/arduino/hooks.c ****   See the GNU Lesser General Public License for more details.
  13:/home/mrh/Downloads/arduino-1.8.8-linux64/arduino-1.8.8//hardware/arduino/avr/cores/arduino/hooks.c **** 
  14:/home/mrh/Downloads/arduino-1.8.8-linux64/arduino-1.8.8//hardware/arduino/avr/cores/arduino/hooks.c ****   You should have received a copy of the GNU Lesser General Public
  15:/home/mrh/Downloads/arduino-1.8.8-linux64/arduino-1.8.8//hardware/arduino/avr/cores/arduino/hooks.c ****   License along with this library; if not, write to the Free Software
  16:/home/mrh/Downloads/arduino-1.8.8-linux64/arduino-1.8.8//hardware/arduino/avr/cores/arduino/hooks.c ****   Foundation, Inc., 51 Franklin St, Fifth Floor, Boston, MA  02110-1301  USA
  17:/home/mrh/Downloads/arduino-1.8.8-linux64/arduino-1.8.8//hardware/arduino/avr/cores/arduino/hooks.c **** */
  18:/home/mrh/Downloads/arduino-1.8.8-linux64/arduino-1.8.8//hardware/arduino/avr/cores/arduino/hooks.c **** 
  19:/home/mrh/Downloads/arduino-1.8.8-linux64/arduino-1.8.8//hardware/arduino/avr/cores/arduino/hooks.c **** /**
  20:/home/mrh/Downloads/arduino-1.8.8-linux64/arduino-1.8.8//hardware/arduino/avr/cores/arduino/hooks.c ****  * Empty yield() hook.
  21:/home/mrh/Downloads/arduino-1.8.8-linux64/arduino-1.8.8//hardware/arduino/avr/cores/arduino/hooks.c ****  *
  22:/home/mrh/Downloads/arduino-1.8.8-linux64/arduino-1.8.8//hardware/arduino/avr/cores/arduino/hooks.c ****  * This function is intended to be used by library writers to build
  23:/home/mrh/Downloads/arduino-1.8.8-linux64/arduino-1.8.8//hardware/arduino/avr/cores/arduino/hooks.c ****  * libraries or sketches that supports cooperative threads.
  24:/home/mrh/Downloads/arduino-1.8.8-linux64/arduino-1.8.8//hardware/arduino/avr/cores/arduino/hooks.c ****  *
  25:/home/mrh/Downloads/arduino-1.8.8-linux64/arduino-1.8.8//hardware/arduino/avr/cores/arduino/hooks.c ****  * Its defined as a weak symbol and it can be redefined to implement a
  26:/home/mrh/Downloads/arduino-1.8.8-linux64/arduino-1.8.8//hardware/arduino/avr/cores/arduino/hooks.c ****  * real cooperative scheduler.
  27:/home/mrh/Downloads/arduino-1.8.8-linux64/arduino-1.8.8//hardware/arduino/avr/cores/arduino/hooks.c ****  */
  28:/home/mrh/Downloads/arduino-1.8.8-linux64/arduino-1.8.8//hardware/arduino/avr/cores/arduino/hooks.c **** static void __empty() {
  66               	.LM0:
  67               	.LFBB1:
  68               	/* prologue: function */
  69               	/* frame size = 0 */
  70               	/* stack size = 0 */
  71               	.L__stack_usage = 0
  72 0000 0895      		ret
  74               	.Lscope1:
  76               		.stabd	78,0,0
  77               		.weak	yield
  78               		.set	yield,__empty
  80               	.Letext0:
  81               		.ident	"GCC: (GNU) 5.4.0"
DEFINED SYMBOLS
                            *ABS*:0000000000000000 hooks.c
     /tmp/ccqFBzP1.s:2      *ABS*:000000000000003e __SP_H__
     /tmp/ccqFBzP1.s:3      *ABS*:000000000000003d __SP_L__
     /tmp/ccqFBzP1.s:4      *ABS*:000000000000003f __SREG__
     /tmp/ccqFBzP1.s:5      *ABS*:0000000000000000 __tmp_reg__
     /tmp/ccqFBzP1.s:6      *ABS*:0000000000000001 __zero_reg__
     /tmp/ccqFBzP1.s:63     .text:0000000000000000 __empty
     /tmp/ccqFBzP1.s:63     .text:0000000000000000 yield

NO UNDEFINED SYMBOLS
